// Jest Snapshot v1, https://goo.gl/fbAQLP

exports[`Pruebas en FirstApp Debe de hacer match con el snapshot 1`] = `
<div>
  <h1>
    Hola Soy Goku Super Sayayin 4
  </h1>
  <h1>
    No Hay Subtitulo
  </h1>
  <h1>
    Dereck Mu√±oz
  </h1>
</div>
`;
